_:genid1 <http://example.com/prop> _:Ne7d .
_:genid2 <http://example.com/prop> _:Ne7d .
_:N849 <http://www.w3.org/1999/02/22-rdf-syntax-ns#first> <http://example.com/b> .
_:N849 <http://www.w3.org/1999/02/22-rdf-syntax-ns#rest> <http://www.w3.org/1999/02/22-rdf-syntax-ns#nil> .
_:Ne7d <http://www.w3.org/1999/02/22-rdf-syntax-ns#first> <http://example.com/a> .
_:Ne7d <http://www.w3.org/1999/02/22-rdf-syntax-ns#rest> _:N849 .
